// Vitest Snapshot v1, https://vitest.dev/guide/snapshot.html

exports[`buildFieldRowsFor > builds grid_decal_3d rows 1`] = `
[
  "tex_file",
  "---",
  "w_number",
  "h_number",
  "grid_size",
  "aff_by_scl",
  "rot_from_view",
  "always_on_ground",
  "z_offset",
  "offset_height",
  "---",
  "blend",
  "tex_atlas",
  "---",
  "anim_keys",
]
`;
